===== message 1/1 =====
TEXT: KestreLynx 2026-06-24 09:00 Everything currently open — ⛔ 2 EOL base · ⛔ 4 EOL package · ℹ️ 2 no fix yet
--- section ---
🛡️ *KestreLynx* — scan results for 2026-06-24 09:00
3 images scanned, 3 affected
_Everything currently open._
--- section ---
*Priority:* ⛔ 2 EOL base · ⛔ 4 EOL package · 🔴 2 CRITICAL
--- divider ---
--- section ---
*⛔ Base OS end-of-life (top priority)*
--- section ---
*Image: legacy:1*
Status: base OS is EOL (no more security updates coming)
includes 2 end-of-life package(s)
--- section ---
*Image: old:3*
Status: base OS is EOL (no more security updates coming)
includes 1 end-of-life package(s)
--- divider ---
--- section ---
*⛔ Package end-of-life (4) — vendor reports these CVEs as out of support for this release*
--- section ---
*Image: app:2.1*
🔴 CRITICAL 1 / HIGH 3
*◆ libwebkit2gtk*
Installed: 2.38.5-1 · Fixed in: none — end-of-life: no fix planned for this release
Findings: CRITICAL 1 / HIGH 0
--- section ---
*◆ curl*
Installed: 7.61.1-34 · Fixed in: none — end-of-life: no fix planned for this release
Findings: CRITICAL 0 / HIGH 1
--- section ---
*◆ libxml2*
Installed: 2.9.7-16 · Fixed in: none — end-of-life: no fix planned for this release
Findings: CRITICAL 0 / HIGH 1
--- section ---
*◆ qt5-qtbase*
Installed: 5.15.3-1 · Fixed in: none — end-of-life: no fix planned for this release
Findings: CRITICAL 0 / HIGH 1
--- divider ---
--- section ---
*ℹ️ No fix yet (affected / waiting on upstream)*
--- section ---
*Image: app:2.1*
🟠 CRITICAL 0 / HIGH 3
*◆ curl*
Installed: 7.61.1-34 · Fixed in: none
Findings: CRITICAL 0 / HIGH 2
--- section ---
*◆ sqlite-libs*
Installed: 3.26.0-19 · Fixed in: none
Findings: CRITICAL 0 / HIGH 1
--- divider ---
--- context ---
📊 Everything open now is in this message's thread ↓
