===== message 1/1 =====
TEXT: KestreLynx 2026-06-24 09:00 No changes since last scan
--- section ---
🛡️ *KestreLynx* — scan results for 2026-06-24 09:00
3 images scanned, 3 affected
No changes since last scan.
--- divider ---
--- section ---
📌 *Open now:* ⛔ 2 EOL base / ⛔ 4 EOL package / 🚨 2 act-now / 👀 2 watch
⏰ oldest act-now/watch unresolved 20 day(s)
--- context ---
📊 Everything open now is in this message's thread ↓
