===== message 1/1 =====
TEXT: KestreLynx 2026-06-24 09:00 No changes since last scan — ⚠️ 1 scan failure(s)
--- section ---
🛡️ *KestreLynx* — scan results for 2026-06-24 09:00
3 images scanned, 2 affected
No changes since last scan.
--- divider ---
--- section ---
*⚠️ Scan failures*
• broken:1 — identity unconfirmed: scanned by reference — pull failed
--- divider ---
--- section ---
📌 *Open now:* ⛔ 1 EOL base / 🚨 3 act-now / 👀 1 watch / 🔕 3 low
⏰ oldest act-now/watch unresolved 20 day(s)
--- context ---
⚠️ identity unconfirmed: scanned by reference — broken:1
--- context ---
📊 Everything open now is in this message's thread ↓
