===== message 1/1 =====
TEXT: Everything currently open — ⛔ EOL base · web:1.0 +1 more image(s) (8 package(s))
--- section ---
📊 *Everything open now — 2026-06-24 09:00*

*⛔ EOL base images (1)*
*Image: web:1.0*
Status: base OS is EOL (no more security updates coming)
--- divider ---
--- section ---
*🚨 ACT NOW (3) — exploited or likely to be*
*Image: web:1.0*
--- section ---
*◆ e2fsprogs*
Installed: 1.47.0-2
Fixed in: none — consider mitigation
Findings: CRITICAL 1 / HIGH 0
--- section ---
Top CVE: <https://nvd.nist.gov/vuln/detail/CVE-2031-0003|CVE-2031-0003> · CRITICAL · severity only (intel unavailable)
Summary: e2fsprogs: out-of-bounds write
--- context ---
⏱ open 20 day(s) · first seen 2026-06-04
--- divider ---
--- section ---
*◆ gcc-12-base*
Installed: 12.2.0-14
Fixed in: none — upstream won't fix, consider replacing
Findings: CRITICAL 1 / HIGH 0
--- section ---
Top CVE: <https://nvd.nist.gov/vuln/detail/CVE-2031-0005|CVE-2031-0005> · CRITICAL · severity only (intel unavailable)
--- context ---
⏱ open 20 day(s) · first seen 2026-06-04
--- divider ---
--- section ---
*◆ openssl*
Installed: 3.0.7
Fixed in: 3.0.11
Upgrade risk: 🟢 distro security patch
Findings: CRITICAL 1 / HIGH 0
--- section ---
Top CVE: <https://nvd.nist.gov/vuln/detail/CVE-2031-0001|CVE-2031-0001> · CRITICAL · severity only (intel unavailable)
Summary: openssl: buffer overread
References: <https://avd.example/CVE-2031-0001|advisory> · <https://vendor.example/advisory/1|vendor advisory>
--- context ---
⏱ open 20 day(s) · first seen 2026-06-04
--- divider ---
--- section ---
*👀 WATCH (5) — not urgent, keep an eye on*
*Image: api:2.0*
--- section ---
*◆ libxml2*
Installed: 2.9.14
Fixed in: none — consider mitigation
Findings: CRITICAL 0 / HIGH 2
--- section ---
Top CVE: <https://nvd.nist.gov/vuln/detail/CVE-2031-0006|CVE-2031-0006> · HIGH · severity only (intel unavailable)
Summary: libxml2: use-after-free
References: <https://avd.example/CVE-2031-0006|advisory>
Other CVEs: <https://nvd.nist.gov/vuln/detail/CVE-2031-0007|CVE-2031-0007>
--- context ---
⏱ open 20 day(s) · first seen 2026-06-04
--- divider ---
--- section ---
*◆ setuptools* [python-pkg]
Installed: 53.0.0
Fixed in: 78.1.1
Upgrade risk: 🟠 major version bump — needs care
Findings: CRITICAL 0 / HIGH 1
--- section ---
Top CVE: <https://nvd.nist.gov/vuln/detail/CVE-2031-0008|CVE-2031-0008> · HIGH · severity only (intel unavailable)
--- context ---
⏱ open 20 day(s) · first seen 2026-06-04
--- divider ---
--- section ---
*◆ zlib*
Installed: 1.2.13
Fixed in: none — upstream won't fix, consider replacing
Findings: CRITICAL 0 / HIGH 1
--- section ---
Top CVE: <https://nvd.nist.gov/vuln/detail/CVE-2031-0009|CVE-2031-0009> · HIGH · severity only (intel unavailable)
--- context ---
⏱ first seen today
--- divider ---
--- section ---
*Image: web:1.0*
--- section ---
*◆ dpkg*
Installed: 1.21.22
Fixed in: 1.21.23
Upgrade risk: 🟢 distro security patch
Findings: CRITICAL 0 / HIGH 1
--- section ---
Top CVE: <https://nvd.nist.gov/vuln/detail/CVE-2031-0004|CVE-2031-0004> · HIGH · severity only (intel unavailable)
--- context ---
⏱ open 20 day(s) · first seen 2026-06-04
--- divider ---
--- section ---
*◆ openssl*
Installed: 3.0.7
Fixed in: none — consider mitigation
Findings: CRITICAL 0 / HIGH 1
--- section ---
Top CVE: <https://nvd.nist.gov/vuln/detail/CVE-2031-0002|CVE-2031-0002> · HIGH · severity only (intel unavailable)
--- context ---
⏱ open 20 day(s) · first seen 2026-06-04
--- divider ---
--- context ---
⚠️ identity unconfirmed: scanned by reference — broken:1
