===== message 1/1 =====
TEXT: KestreLynx 2026-06-25 09:00 No changes since last scan — ⚠️ 1 scan failure(s)
--- section ---
🛡️ *KestreLynx* — scan results for 2026-06-25 09:00
2 images scanned, 1 affected
No changes since last scan.
--- divider ---
--- section ---
*⚠️ Scan failures*
• web:1.0 — pull failed
--- divider ---
--- section ---
📌 *Open now:* ⛔ 1 EOL base / 🚨 3 act-now / 👀 1 watch / 🔕 3 low
⏰ oldest act-now/watch unresolved 21 day(s)
--- context ---
📊 Everything open now is in this message's thread ↓
