===== message 1/1 =====
TEXT: KestreLynx 2026-06-25 09:00 No changes since last scan — ⚠️ 1 scan failure(s)
--- section ---
🛡️ *KestreLynx* — scan results for 2026-06-25 09:00
2 images scanned, 0 affected
No changes since last scan.
--- divider ---
--- section ---
*⚠️ Scan failures*
• web:1.0 — pull failed
--- divider ---
--- section ---
📌 *Open now:* not re-scanned — holding previous findings until the next successful scan
--- context ---
📊 Everything open now is in this message's thread ↓
