===== message 1/1 =====
TEXT: KestreLynx 2026-06-24 09:00 Changes since the last scan — 🆕 4 new
--- section ---
🛡️ *KestreLynx* — scan results for 2026-06-24 09:00
2 images scanned, 2 affected
_Changes since the last scan._
--- divider ---
--- section ---
*🆕 New since last scan (4)*
--- section ---
*Image: web:1.0*
*◆ openssl*
Installed: 3.0.7 · Fixed in: 3.0.11 (🟢 distro security patch)
Findings: CRITICAL 1 / HIGH 0
Top CVE: <https://nvd.nist.gov/vuln/detail/CVE-OPENSSL|CVE-OPENSSL> · CRITICAL
Runtime: ▶ in use (running)
--- section ---
*Image: api:2.0*
*◆ setuptools* [python-pkg]
Installed: 53.0.0 · Fixed in: none
Findings: CRITICAL 0 / HIGH 1
Top CVE: <https://nvd.nist.gov/vuln/detail/CVE-SETUP|CVE-SETUP> · HIGH
Runtime: ▶ in use (running)
--- section ---
*Image: web:1.0*
*◆ curl*
Installed: 8.0.0 · Fixed in: none
Findings: CRITICAL 0 / HIGH 1
Top CVE: <https://nvd.nist.gov/vuln/detail/CVE-CURL|CVE-CURL> · HIGH
--- section ---
*Image: api:2.0*
*◆ leftpad* [node-pkg]
Installed: 1.0.0 · Fixed in: none
Findings: CRITICAL 0 / HIGH 1
Top CVE: <https://nvd.nist.gov/vuln/detail/CVE-LEFTPAD|CVE-LEFTPAD> · HIGH
--- divider ---
--- section ---
📌 *Open now:* CRITICAL 1 / HIGH 3 across 2 image(s)
--- context ---
📊 Everything open now is in this message's thread ↓
