{
  "actionable": [
    {
      "containers": [],
      "content_id": "sha256:1111111111111111111111111111111111111111111111111111111111111111",
      "findings": [
        {
          "fixed": "3.0.11",
          "installed": "3.0.7",
          "package": "openssl",
          "severity_counts": {
            "CRITICAL": 1,
            "HIGH": 0
          },
          "status": "fixed",
          "upgrade_risk": "distro_update",
          "vuln_ids": [
            "CVE-2031-0001"
          ],
          "vulns": [
            {
              "epss": null,
              "id": "CVE-2031-0001",
              "kev": false,
              "severity": "CRITICAL",
              "title": "openssl: buffer overread",
              "url": "https://avd.example/CVE-2031-0001"
            }
          ]
        },
        {
          "fixed": "1.21.23",
          "installed": "1.21.22",
          "package": "dpkg",
          "severity_counts": {
            "CRITICAL": 0,
            "HIGH": 1
          },
          "status": "fixed",
          "upgrade_risk": "distro_update",
          "vuln_ids": [
            "CVE-2031-0004"
          ],
          "vulns": [
            {
              "epss": null,
              "id": "CVE-2031-0004",
              "kev": false,
              "severity": "HIGH"
            }
          ]
        }
      ],
      "identity_resolved": true,
      "image": "web:1.0",
      "registry_digests": [],
      "scan_target_kind": "content_id",
      "severity_counts": {
        "CRITICAL": 1,
        "HIGH": 1
      }
    },
    {
      "containers": [],
      "content_id": "sha256:2222222222222222222222222222222222222222222222222222222222222222",
      "findings": [
        {
          "fixed": "78.1.1",
          "installed": "53.0.0",
          "package": "setuptools",
          "severity_counts": {
            "CRITICAL": 0,
            "HIGH": 1
          },
          "status": "fixed",
          "upgrade_risk": "caution",
          "vuln_ids": [
            "CVE-2031-0008"
          ],
          "vulns": [
            {
              "epss": null,
              "id": "CVE-2031-0008",
              "kev": false,
              "severity": "HIGH"
            }
          ]
        }
      ],
      "identity_resolved": true,
      "image": "api:2.0",
      "registry_digests": [],
      "scan_target_kind": "content_id",
      "severity_counts": {
        "CRITICAL": 0,
        "HIGH": 1
      }
    }
  ],
  "environment": {
    "kind": ""
  },
  "eosl_images": null,
  "generated_at": "2026-06-24T09:00:00Z",
  "scan_errors": [
    {
      "error": "pull failed",
      "image": "broken:1"
    }
  ],
  "summary": {
    "images_affected": 2,
    "images_total": 3
  },
  "watch": [
    {
      "containers": [],
      "content_id": "sha256:1111111111111111111111111111111111111111111111111111111111111111",
      "findings": [
        {
          "fixed": "",
          "installed": "1.47.0-2",
          "package": "e2fsprogs",
          "severity_counts": {
            "CRITICAL": 1,
            "HIGH": 0
          },
          "status": "affected",
          "upgrade_risk": "",
          "vuln_ids": [
            "CVE-2031-0003"
          ],
          "vulns": [
            {
              "epss": null,
              "id": "CVE-2031-0003",
              "kev": false,
              "severity": "CRITICAL",
              "title": "e2fsprogs: out-of-bounds write"
            }
          ]
        },
        {
          "fixed": "",
          "installed": "3.0.7",
          "package": "openssl",
          "severity_counts": {
            "CRITICAL": 0,
            "HIGH": 1
          },
          "status": "affected",
          "upgrade_risk": "",
          "vuln_ids": [
            "CVE-2031-0002"
          ],
          "vulns": [
            {
              "epss": null,
              "id": "CVE-2031-0002",
              "kev": false,
              "severity": "HIGH"
            }
          ]
        }
      ],
      "identity_resolved": true,
      "image": "web:1.0",
      "registry_digests": [],
      "scan_target_kind": "content_id",
      "severity_counts": {
        "CRITICAL": 1,
        "HIGH": 1
      }
    },
    {
      "containers": [],
      "content_id": "sha256:2222222222222222222222222222222222222222222222222222222222222222",
      "findings": [
        {
          "fixed": "",
          "installed": "2.9.14",
          "package": "libxml2",
          "severity_counts": {
            "CRITICAL": 0,
            "HIGH": 2
          },
          "status": "affected",
          "upgrade_risk": "",
          "vuln_ids": [
            "CVE-2031-0006",
            "CVE-2031-0007"
          ],
          "vulns": [
            {
              "epss": null,
              "id": "CVE-2031-0006",
              "kev": false,
              "severity": "HIGH",
              "title": "libxml2: use-after-free",
              "url": "https://avd.example/CVE-2031-0006"
            },
            {
              "epss": null,
              "id": "CVE-2031-0007",
              "kev": false,
              "severity": "HIGH"
            }
          ]
        }
      ],
      "identity_resolved": true,
      "image": "api:2.0",
      "registry_digests": [],
      "scan_target_kind": "content_id",
      "severity_counts": {
        "CRITICAL": 0,
        "HIGH": 2
      }
    }
  ],
  "wont_fix": [
    {
      "containers": [],
      "content_id": "sha256:1111111111111111111111111111111111111111111111111111111111111111",
      "findings": [
        {
          "fixed": "",
          "installed": "12.2.0-14",
          "package": "gcc-12-base",
          "severity_counts": {
            "CRITICAL": 1,
            "HIGH": 0
          },
          "status": "will_not_fix",
          "upgrade_risk": "",
          "vuln_ids": [
            "CVE-2031-0005"
          ],
          "vulns": [
            {
              "epss": null,
              "id": "CVE-2031-0005",
              "kev": false,
              "severity": "CRITICAL"
            }
          ]
        }
      ],
      "identity_resolved": true,
      "image": "web:1.0",
      "registry_digests": [],
      "scan_target_kind": "content_id",
      "severity_counts": {
        "CRITICAL": 1,
        "HIGH": 0
      }
    },
    {
      "containers": [],
      "content_id": "sha256:2222222222222222222222222222222222222222222222222222222222222222",
      "findings": [
        {
          "fixed": "",
          "installed": "1.2.13",
          "package": "zlib",
          "severity_counts": {
            "CRITICAL": 0,
            "HIGH": 1
          },
          "status": "will_not_fix",
          "upgrade_risk": "",
          "vuln_ids": [
            "CVE-2031-0009"
          ],
          "vulns": [
            {
              "epss": null,
              "id": "CVE-2031-0009",
              "kev": false,
              "severity": "HIGH"
            }
          ]
        }
      ],
      "identity_resolved": true,
      "image": "api:2.0",
      "registry_digests": [],
      "scan_target_kind": "content_id",
      "severity_counts": {
        "CRITICAL": 0,
        "HIGH": 1
      }
    }
  ]
}
