{
  "generated_at": "2026-06-24T09:00:00Z",
  "environment": {
    "kind": ""
  },
  "summary": {
    "images_total": 1,
    "images_affected": 1,
    "priority_counts": {
      "act_now": 1,
      "low": 1,
      "watch": 0
    },
    "intel": {
      "degraded": false,
      "kev_ok": true,
      "epss_ok": true,
      "stale_days": 0
    }
  },
  "eosl_images": null,
  "actionable": [],
  "watch": [
    {
      "image": "web:1.0",
      "severity_counts": {
        "CRITICAL": 1,
        "HIGH": 1
      },
      "findings": [
        {
          "package": "openssl",
          "installed": "3.0.7",
          "fixed": "",
          "status": "affected",
          "severity_counts": {
            "CRITICAL": 1,
            "HIGH": 0
          },
          "upgrade_risk": "",
          "priority": "act_now",
          "vuln_ids": [
            "CVE-OPENSSL"
          ],
          "vulns": [
            {
              "id": "CVE-OPENSSL",
              "severity": "CRITICAL",
              "kev": true,
              "epss": null,
              "priority": "act_now"
            }
          ],
          "class": "os",
          "ecosystem": "",
          "runtime": {
            "usage": "in_use",
            "evidence_kinds": [
              "exe"
            ],
            "exposure": "host_published_all",
            "high_privilege": true,
            "containers": [
              {
                "name": "web-1",
                "container_id": "cccccccccccccccccccccccccccccccccccccccccccccccccccccccccccccccc",
                "generation_started_at": "2026-06-16T09:00:00Z",
                "usage": "in_use",
                "last_seen": "2026-06-24T09:00:00Z",
                "ports": [
                  "0.0.0.0:443/tcp"
                ],
                "process": {
                  "exe": "/usr/sbin/nginx",
                  "effective_uid": 0,
                  "userns": false,
                  "privileged": false
                }
              }
            ]
          }
        },
        {
          "package": "curl",
          "installed": "8.0.0",
          "fixed": "",
          "status": "affected",
          "severity_counts": {
            "CRITICAL": 0,
            "HIGH": 1
          },
          "upgrade_risk": "",
          "priority": "low",
          "vuln_ids": [
            "CVE-CURL"
          ],
          "vulns": [
            {
              "id": "CVE-CURL",
              "severity": "HIGH",
              "kev": false,
              "epss": null,
              "priority": "low"
            }
          ],
          "class": "os",
          "ecosystem": "",
          "runtime": {
            "usage": "not_observed",
            "events_coverage": "since_start",
            "exposure": "unknown",
            "containers": [
              {
                "name": "web-1",
                "container_id": "cccccccccccccccccccccccccccccccccccccccccccccccccccccccccccccccc",
                "generation_started_at": "2026-06-16T09:00:00Z",
                "usage": "not_observed",
                "last_seen": "2026-06-24T09:00:00Z"
              }
            ],
            "muted": true,
            "muted_reason": "no_fix_not_in_use_7d"
          }
        }
      ],
      "containers": [
        {
          "name": "web-1",
          "workload": {
            "kind": "unknown"
          }
        }
      ],
      "content_id": "sha256:3333333333333333333333333333333333333333333333333333333333333333",
      "registry_digests": [],
      "identity_resolved": true,
      "scan_target_kind": "content_id"
    }
  ],
  "wont_fix": [],
  "eol_packages": [],
  "scan_errors": [],
  "diff": {
    "new": [
      {
        "image": "web:1.0",
        "package": "openssl",
        "kind": "new",
        "critical": 1,
        "high": 0,
        "priority": "act_now",
        "ecosystems": [
          ""
        ],
        "runtime_usage": "in_use"
      },
      {
        "image": "web:1.0",
        "package": "curl",
        "kind": "new",
        "critical": 0,
        "high": 1,
        "priority": "low",
        "ecosystems": [
          ""
        ],
        "runtime_usage": "not_observed",
        "muted": true
      }
    ],
    "resolved": [],
    "replaced": [],
    "new_eosl": [],
    "resolved_eosl": [],
    "oldest_open_days": 0,
    "new_eol_packages": [],
    "resolved_eol_packages": []
  },
  "runtime": {
    "sensor_status": "ok",
    "heartbeat_at": "2026-06-24T09:00:00Z",
    "interval_seconds": 30,
    "rules": {
      "os_packages": "executed_or_loaded_by_running_process",
      "lang_packages_binary": "in_running_binary",
      "lang_packages_runtime": "runtime_process_running"
    },
    "events_status": "ok",
    "counts": {
      "in_use": 1,
      "not_observed": 1,
      "unavailable": 0,
      "muted": 1
    }
  }
}
